Matched 316 models, 313 saved signatures
Validation selected none: [{'variant': 'l2', 'runs': 30, 'accuracy_mean': 0.9135765143145986, 'accuracy_std': 0.011231331372997993, 'precision_mean': 0.0, 'precision_std': 0.0, 'recall_mean': 0.0, 'recall_std': 0.0, 'f1_mean': 0.0, 'f1_std': 0.0, 'auc_mean': 0.4819168023649693, 'auc_std': 0.07081490266982574}, {'variant': 'none', 'runs': 30, 'accuracy_mean': 0.9147911288703827, 'accuracy_std': 0.0110961066078693, 'precision_mean': 0.0, 'precision_std': 0.0, 'recall_mean': 0.0, 'recall_std': 0.0, 'f1_mean': 0.0, 'f1_std': 0.0, 'auc_mean': 0.49883100045445333, 'auc_std': 0.08006094714740522}]
{
  "models": 316,
  "saved_signatures": 313,
  "selected_variant": "none",
  "normalization_default": false,
  "paper_protocol": [
    {
      "cohort": "full_dna",
      "variant": "l2",
      "projection_seed": 0,
      "runs": 25,
      "accuracy_mean": 0.8635294117647058,
      "accuracy_std": 0.07297832703508404,
      "precision_mean": 0.8647417204398627,
      "precision_std": 0.07844870514115869,
      "recall_mean": 0.8705882352941176,
      "recall_std": 0.11886623189198178,
      "f1_mean": 0.8621916168549545,
      "f1_std": 0.07635215182090851,
      "auc_mean": 0.9296885813148791,
      "auc_std": 0.06837537180017551
    },
    {
      "cohort": "full_dna",
      "variant": "l2",
      "projection_seed": 1,
      "runs": 25,
      "accuracy_mean": 0.8764705882352942,
      "accuracy_std": 0.05820755925018588,
      "precision_mean": 0.8813370948684585,
      "precision_std": 0.08154204668088773,
      "recall_mean": 0.8823529411764706,
      "recall_std": 0.09144489267734134,
      "f1_mean": 0.8768942653673504,
      "f1_std": 0.056244710240446874,
      "auc_mean": 0.9417301038062282,
      "auc_std": 0.06320351233670281
    },
    {
      "cohort": "full_dna",
      "variant": "l2",
      "projection_seed": 2,
      "runs": 25,
      "accuracy_mean": 0.8811764705882353,
      "accuracy_std": 0.06922707232905777,
      "precision_mean": 0.8746749806780766,
      "precision_std": 0.08019852645225892,
      "recall_mean": 0.8988235294117648,
      "recall_std": 0.1170573455419553,
      "f1_mean": 0.881130510836493,
      "f1_std": 0.0736838548722899,
      "auc_mean": 0.9345328719723183,
      "auc_std": 0.07198784323730947
    },
    {
      "cohort": "full_dna",
      "variant": "l2",
      "projection_seed": 3,
      "runs": 25,
      "accuracy_mean": 0.8929411764705881,
      "accuracy_std": 0.05225591361269189,
      "precision_mean": 0.8924492112634528,
      "precision_std": 0.05049267057146354,
      "recall_mean": 0.896470588235294,
      "recall_std": 0.09344119652897144,
      "f1_mean": 0.8916427100231652,
      "f1_std": 0.05563515417260383,
      "auc_mean": 0.9439446366782006,
      "auc_std": 0.05577628565455687
    },
    {
      "cohort": "full_dna",
      "variant": "l2",
      "projection_seed": 4,
      "runs": 25,
      "accuracy_mean": 0.8764705882352941,
      "accuracy_std": 0.05233861888250644,
      "precision_mean": 0.8860547680733439,
      "precision_std": 0.06781426063292273,
      "recall_mean": 0.8729411764705882,
      "recall_std": 0.1056096706627077,
      "f1_mean": 0.8740672626096075,
      "f1_std": 0.05823207581496165,
      "auc_mean": 0.9320415224913495,
      "auc_std": 0.07093341209726652
    },
    {
      "cohort": "full_dna",
      "variant": "l2",
      "projection_seed": 42,
      "runs": 25,
      "accuracy_mean": 0.8670588235294118,
      "accuracy_std": 0.06303548002226866,
      "precision_mean": 0.8748962848297214,
      "precision_std": 0.08578674183222293,
      "recall_mean": 0.868235294117647,
      "recall_std": 0.09647776156974545,
      "f1_mean": 0.8666117126702296,
      "f1_std": 0.06372182630316493,
      "auc_mean": 0.9206920415224913,
      "auc_std": 0.06987078003619787
    },
    {
      "cohort": "full_dna",
      "variant": "none",
      "projection_seed": 0,
      "runs": 25,
      "accuracy_mean": 0.8635294117647058,
      "accuracy_std": 0.07588387291379353,
      "precision_mean": 0.8693150769079562,
      "precision_std": 0.08388897681208662,
      "recall_mean": 0.863529411764706,
      "recall_std": 0.11606783205449993,
      "f1_mean": 0.861535172634843,
      "f1_std": 0.07919580753901022,
      "auc_mean": 0.9307958477508649,
      "auc_std": 0.06728154006644675
    },
    {
      "cohort": "full_dna",
      "variant": "none",
      "projection_seed": 1,
      "runs": 25,
      "accuracy_mean": 0.8752941176470587,
      "accuracy_std": 0.06754041039078368,
      "precision_mean": 0.8805614767757183,
      "precision_std": 0.08797370351677776,
      "recall_mean": 0.8823529411764706,
      "recall_std": 0.09454559569600937,
      "f1_mean": 0.8762735871863008,
      "f1_std": 0.06288413681565964,
      "auc_mean": 0.9366089965397922,
      "auc_std": 0.06383997086220315
    },
    {
      "cohort": "full_dna",
      "variant": "none",
      "projection_seed": 2,
      "runs": 25,
      "accuracy_mean": 0.8764705882352941,
      "accuracy_std": 0.07401798465951716,
      "precision_mean": 0.8740935471477268,
      "precision_std": 0.08222792875193141,
      "recall_mean": 0.8870588235294118,
      "recall_std": 0.11631599960755995,
      "f1_mean": 0.8757332936745701,
      "f1_std": 0.07778865266704742,
      "auc_mean": 0.9342560553633217,
      "auc_std": 0.07009233958126182
    },
    {
      "cohort": "full_dna",
      "variant": "none",
      "projection_seed": 3,
      "runs": 25,
      "accuracy_mean": 0.8929411764705882,
      "accuracy_std": 0.054285757646694625,
      "precision_mean": 0.8959512752469407,
      "precision_std": 0.053854083520839154,
      "recall_mean": 0.8917647058823529,
      "recall_std": 0.09093896961023712,
      "f1_mean": 0.8913345810385658,
      "f1_std": 0.057557483174229276,
      "auc_mean": 0.9392387543252595,
      "auc_std": 0.05929723099831595
    },
    {
      "cohort": "full_dna",
      "variant": "none",
      "projection_seed": 4,
      "runs": 25,
      "accuracy_mean": 0.8858823529411766,
      "accuracy_std": 0.05323989797013909,
      "precision_mean": 0.8988297258297259,
      "precision_std": 0.06854481791864896,
      "recall_mean": 0.8776470588235294,
      "recall_std": 0.09742947646121448,
      "f1_mean": 0.8835188974900351,
      "f1_std": 0.05685221593962741,
      "auc_mean": 0.9303806228373702,
      "auc_std": 0.07321371947854328
    },
    {
      "cohort": "full_dna",
      "variant": "none",
      "projection_seed": 42,
      "runs": 25,
      "accuracy_mean": 0.8682352941176471,
      "accuracy_std": 0.06583243907529232,
      "precision_mean": 0.8812717578259375,
      "precision_std": 0.0897109102144802,
      "recall_mean": 0.8635294117647058,
      "recall_std": 0.09860620361317772,
      "f1_mean": 0.8670138929780894,
      "f1_std": 0.06590052491050302,
      "auc_mean": 0.9180622837370243,
      "auc_std": 0.06992644976498945
    },
    {
      "cohort": "full_dna",
      "variant": "saved_private",
      "projection_seed": 42,
      "runs": 25,
      "accuracy_mean": 0.8670588235294118,
      "accuracy_std": 0.06303548002226866,
      "precision_mean": 0.8748962848297214,
      "precision_std": 0.08578674183222293,
      "recall_mean": 0.868235294117647,
      "recall_std": 0.09647776156974545,
      "f1_mean": 0.8666117126702296,
      "f1_std": 0.06372182630316493,
      "auc_mean": 0.9206920415224913,
      "auc_std": 0.06987078003619787
    },
    {
      "cohort": "paper_common",
      "variant": "l2",
      "projection_seed": 0,
      "runs": 25,
      "accuracy_mean": 0.8972413793103448,
      "accuracy_std": 0.050801693715655453,
      "precision_mean": 0.8760277900633939,
      "precision_std": 0.07293967246462293,
      "recall_mean": 0.9460000000000001,
      "recall_std": 0.0787036900871448,
      "f1_mean": 0.9060958363795176,
      "f1_std": 0.04850948206433911,
      "auc_mean": 0.9758380952380954,
      "auc_std": 0.02553842653630041
    },
    {
      "cohort": "paper_common",
      "variant": "l2",
      "projection_seed": 1,
      "runs": 25,
      "accuracy_mean": 0.9190344827586207,
      "accuracy_std": 0.04479574465946201,
      "precision_mean": 0.8887949965411265,
      "precision_std": 0.05628381671119589,
      "recall_mean": 0.9715,
      "recall_std": 0.06574537020736673,
      "f1_mean": 0.9262161779600437,
      "f1_std": 0.043583244070568294,
      "auc_mean": 0.9853965811965812,
      "auc_std": 0.03079240272299839
    },
    {
      "cohort": "paper_common",
      "variant": "l2",
      "projection_seed": 2,
      "runs": 25,
      "accuracy_mean": 0.9177011494252874,
      "accuracy_std": 0.052707761026252874,
      "precision_mean": 0.8905829524792374,
      "precision_std": 0.0657267947879033,
      "recall_mean": 0.9665,
      "recall_std": 0.06819515161434649,
      "f1_mean": 0.9247658200233612,
      "f1_std": 0.05035965875383483,
      "auc_mean": 0.9836568376068376,
      "auc_std": 0.025322685406611676
    },
    {
      "cohort": "paper_common",
      "variant": "l2",
      "projection_seed": 3,
      "runs": 25,
      "accuracy_mean": 0.9245057471264367,
      "accuracy_std": 0.055324582619503626,
      "precision_mean": 0.89506817949852,
      "precision_std": 0.07205245080583049,
      "recall_mean": 0.9765,
      "recall_std": 0.06278730262059655,
      "f1_mean": 0.9315409450125148,
      "f1_std": 0.051328026752079856,
      "auc_mean": 0.9888196581196581,
      "auc_std": 0.025310034772996023
    },
    {
      "cohort": "paper_common",
      "variant": "l2",
      "projection_seed": 4,
      "runs": 25,
      "accuracy_mean": 0.9177011494252874,
      "accuracy_std": 0.062193893009300075,
      "precision_mean": 0.8872528379772963,
      "precision_std": 0.07604086595563016,
      "recall_mean": 0.9715,
      "recall_std": 0.06574537020736673,
      "f1_mean": 0.9254856767731532,
      "f1_std": 0.05800045888292636,
      "auc_mean": 0.9868069597069598,
      "auc_std": 0.03353025942876373
    },
    {
      "cohort": "paper_common",
      "variant": "l2",
      "projection_seed": 42,
      "runs": 25,
      "accuracy_mean": 0.9188045977011494,
      "accuracy_std": 0.04816956002923383,
      "precision_mean": 0.8981071740437067,
      "precision_std": 0.049223240659438186,
      "recall_mean": 0.9565,
      "recall_std": 0.07176753237853245,
      "f1_mean": 0.9246725620777181,
      "f1_std": 0.04699592728074966,
      "auc_mean": 0.9792130647130647,
      "auc_std": 0.026640025046778745
    },
    {
      "cohort": "paper_common",
      "variant": "none",
      "projection_seed": 0,
      "runs": 25,
      "accuracy_mean": 0.9014252873563219,
      "accuracy_std": 0.04680207973716135,
      "precision_mean": 0.8816525816804455,
      "precision_std": 0.06689930321354132,
      "recall_mean": 0.9460000000000001,
      "recall_std": 0.0787036900871448,
      "f1_mean": 0.9091567217307255,
      "f1_std": 0.04566610378467621,
      "auc_mean": 0.9770981684981686,
      "auc_std": 0.024699316929583284
    },
    {
      "cohort": "paper_common",
      "variant": "none",
      "projection_seed": 1,
      "runs": 25,
      "accuracy_mean": 0.921655172413793,
      "accuracy_std": 0.04964164531228578,
      "precision_mean": 0.8913726019422613,
      "precision_std": 0.06178491342075808,
      "recall_mean": 0.9738333333333334,
      "recall_std": 0.06877651004037158,
      "f1_mean": 0.9285152473501621,
      "f1_std": 0.04834562848950105,
      "auc_mean": 0.9861328449328449,
      "auc_std": 0.02816648342499782
    },
    {
      "cohort": "paper_common",
      "variant": "none",
      "projection_seed": 2,
      "runs": 25,
      "accuracy_mean": 0.9150804597701149,
      "accuracy_std": 0.05446578134051354,
      "precision_mean": 0.8872186593935821,
      "precision_std": 0.0705766868122076,
      "recall_mean": 0.9665,
      "recall_std": 0.06819515161434649,
      "f1_mean": 0.9226919723024545,
      "f1_std": 0.05165765185995066,
      "auc_mean": 0.9843967643467643,
      "auc_std": 0.02502678610695862
    },
    {
      "cohort": "paper_common",
      "variant": "none",
      "projection_seed": 3,
      "runs": 25,
      "accuracy_mean": 0.9313103448275862,
      "accuracy_std": 0.05466952323772145,
      "precision_mean": 0.9072269587997143,
      "precision_std": 0.07926972591736137,
      "recall_mean": 0.9765,
      "recall_std": 0.06278730262059655,
      "f1_mean": 0.9375452601372907,
      "f1_std": 0.05095045352690283,
      "auc_mean": 0.9882821123321124,
      "auc_std": 0.025846756294080217
    },
    {
      "cohort": "paper_common",
      "variant": "none",
      "projection_seed": 4,
      "runs": 25,
      "accuracy_mean": 0.9244137931034483,
      "accuracy_std": 0.0566602547024009,
      "precision_mean": 0.8931313578062805,
      "precision_std": 0.06898979908991747,
      "recall_mean": 0.9765,
      "recall_std": 0.06278730262059655,
      "f1_mean": 0.9312471388528445,
      "f1_std": 0.053902288148599715,
      "auc_mean": 0.9882630036630037,
      "auc_std": 0.033326766237675616
    },
    {
      "cohort": "paper_common",
      "variant": "none",
      "projection_seed": 42,
      "runs": 25,
      "accuracy_mean": 0.9092413793103448,
      "accuracy_std": 0.05289488159265357,
      "precision_mean": 0.8833091306698116,
      "precision_std": 0.0542654147121661,
      "recall_mean": 0.9565,
      "recall_std": 0.07176753237853245,
      "f1_mean": 0.9168880781152586,
      "f1_std": 0.05021015492641401,
      "auc_mean": 0.9763568376068377,
      "auc_std": 0.03219226984147819
    },
    {
      "cohort": "paper_common",
      "variant": "saved_private",
      "projection_seed": 42,
      "runs": 25,
      "accuracy_mean": 0.9188045977011494,
      "accuracy_std": 0.04816956002923383,
      "precision_mean": 0.8981071740437067,
      "precision_std": 0.049223240659438186,
      "recall_mean": 0.9565,
      "recall_std": 0.07176753237853245,
      "f1_mean": 0.9246725620777181,
      "f1_std": 0.04699592728074966,
      "auc_mean": 0.9792130647130647,
      "auc_std": 0.026640025046778745
    }
  ],
  "all_projection_seeds": [
    {
      "cohort": "full_dna",
      "variant": "l2",
      "runs": 150,
      "accuracy_mean": 0.8762745098039215,
      "accuracy_std": 0.06155300574714115,
      "precision_mean": 0.8790256766921527,
      "precision_std": 0.07426146531359414,
      "recall_mean": 0.8815686274509801,
      "recall_std": 0.10335328185069613,
      "f1_mean": 0.8754230130603001,
      "f1_std": 0.064144793429834,
      "auc_mean": 0.9337716262975778,
      "auc_std": 0.06625109497250116
    },
    {
      "cohort": "full_dna",
      "variant": "none",
      "runs": 150,
      "accuracy_mean": 0.8770588235294118,
      "accuracy_std": 0.06537446641297907,
      "precision_mean": 0.8833371432890008,
      "precision_std": 0.07813969734043992,
      "recall_mean": 0.8776470588235292,
      "recall_std": 0.10166172343808173,
      "f1_mean": 0.875901570833734,
      "f1_std": 0.06688229629357342,
      "auc_mean": 0.9315570934256056,
      "auc_std": 0.06663789972595777
    },
    {
      "cohort": "paper_common",
      "variant": "l2",
      "runs": 150,
      "accuracy_mean": 0.9158314176245214,
      "accuracy_std": 0.05245181379124177,
      "precision_mean": 0.8893056551005465,
      "precision_std": 0.06534583059025091,
      "recall_mean": 0.96475,
      "recall_std": 0.06865333689932616,
      "f1_mean": 0.9231295030377178,
      "f1_std": 0.049793528027575355,
      "auc_mean": 0.9832885327635328,
      "auc_std": 0.027923709237532027
    },
    {
      "cohort": "paper_common",
      "variant": "none",
      "runs": 150,
      "accuracy_mean": 0.9171877394636015,
      "accuracy_std": 0.05268175679445403,
      "precision_mean": 0.890651881715349,
      "precision_std": 0.06680582624361016,
      "recall_mean": 0.9659722222222222,
      "recall_std": 0.0688326424627637,
      "f1_mean": 0.9243407364147892,
      "f1_std": 0.05023004671408975,
      "auc_mean": 0.9834216218966219,
      "auc_std": 0.028368047839128253
    }
  ],
  "validation": [
    {
      "variant": "l2",
      "runs": 30,
      "accuracy_mean": 0.9135765143145986,
      "accuracy_std": 0.011231331372997993,
      "precision_mean": 0.0,
      "precision_std": 0.0,
      "recall_mean": 0.0,
      "recall_std": 0.0,
      "f1_mean": 0.0,
      "f1_std": 0.0,
      "auc_mean": 0.4819168023649693,
      "auc_std": 0.07081490266982574
    },
    {
      "variant": "none",
      "runs": 30,
      "accuracy_mean": 0.9147911288703827,
      "accuracy_std": 0.0110961066078693,
      "precision_mean": 0.0,
      "precision_std": 0.0,
      "recall_mean": 0.0,
      "recall_std": 0.0,
      "f1_mean": 0.0,
      "f1_std": 0.0,
      "auc_mean": 0.49883100045445333,
      "auc_std": 0.08006094714740522
    }
  ],
  "heldout": [
    {
      "variant": "l2",
      "runs": 6,
      "accuracy_mean": 0.9216867469879517,
      "accuracy_std": 0.006599066957893589,
      "precision_mean": 0.0,
      "precision_std": 0.0,
      "recall_mean": 0.0,
      "recall_std": 0.0,
      "f1_mean": 0.0,
      "f1_std": 0.0,
      "auc_mean": 0.3982683982683983,
      "auc_std": 0.04065578140908708
    },
    {
      "variant": "none",
      "runs": 6,
      "accuracy_mean": 0.9196787148594378,
      "accuracy_std": 0.006221659993907517,
      "precision_mean": 0.0,
      "precision_std": 0.0,
      "recall_mean": 0.0,
      "recall_std": 0.0,
      "f1_mean": 0.0,
      "f1_std": 0.0,
      "auc_mean": 0.4116161616161616,
      "auc_std": 0.05633391511063128
    }
  ],
  "replay": {
    "l2": {
      "count": 313,
      "within_1e_5": 313,
      "max_abs_error": 2.086162567138672e-06
    },
    "none": {
      "count": 313,
      "within_1e_5": 0,
      "max_abs_error": 0.44044774770736694
    }
  },
  "original_pair_overlap": {
    "min": 10,
    "max": 15
  },
  "selection_data": {
    "ordered_pairs": 417,
    "unordered_groups": 376,
    "positive_ordered_pairs": 29,
    "heldout_rows": 83,
    "heldout_positives": 6,
    "reverse_direction_label_disagreements": 8
  }
}
